// Jest Snapshot v1, https://goo.gl/fbAQLP

exports[`Icon component renders initially 1`] = `
<i
  className="fa fa-tag null"
/>
`;
