// Jest Snapshot v1, https://goo.gl/fbAQLP

exports[`ConditionalButton component renders initially 1`] = `
<button
  className="kgs-conditional-button test"
  onClick={[Function]}
>
  on
</button>
`;
